Started using link - https://minikube.sigs.k8s.io/docs/start/?arch=%2Fmacos%2Farm64%2Fstable%2Fbinary+download

chanchal@Chanchals-MacBook-Pro kubernetes % curl -LO https://storage.googleapis.com/minikube/releases/latest/minikube-darwin-arm64
sudo install minikube-darwin-arm64 /usr/local/bin/minikube

  % Total    % Received % Xferd  Average Speed   Time    Time     Time  Current
                                 Dload  Upload   Total   Spent    Left  Speed
100  100M  100  100M    0     0  2356k      0  0:00:43  0:00:43 --:--:-- 1550k
Password:
chanchal@Chanchals-MacBook-Pro kubernetes % ls                                                                                    
minikube-darwin-arm64
chanchal@Chanchals-MacBook-Pro kubernetes % minikube
minikube provisions and manages local Kubernetes clusters optimized for development workflows.

Basic Commands:
  start            Starts a local Kubernetes cluster
  status           Gets the status of a local Kubernetes cluster
  stop             Stops a running local Kubernetes cluster
  delete           Deletes a local Kubernetes cluster
  dashboard        Access the Kubernetes dashboard running within the minikube cluster
  pause            pause Kubernetes
  unpause          unpause Kubernetes

Images Commands:
  docker-env       Provides instructions to point your terminal's docker-cli to the Docker Engine inside minikube.
(Useful for building docker images directly inside minikube)
  podman-env       Configure environment to use minikube's Podman service
  cache            Manage cache for images
  image            Manage images

Configuration and Management Commands:
  addons           Enable or disable a minikube addon
  config           Modify persistent configuration values
  profile          Get or list the current profiles (clusters)
  update-context   Update kubeconfig in case of an IP or port change

Networking and Connectivity Commands:
  service          Returns a URL to connect to a service
  tunnel           Connect to LoadBalancer services

Advanced Commands:
  mount            Mounts the specified directory into minikube
  ssh              Log into the minikube environment (for debugging)
  kubectl          Run a kubectl binary matching the cluster version
  node             Add, remove, or list additional nodes
  cp               Copy the specified file into minikube

Troubleshooting Commands:
  ssh-key          Retrieve the ssh identity key path of the specified node
  ssh-host         Retrieve the ssh host key of the specified node
  ip               Retrieves the IP address of the specified node
  logs             Returns logs to debug a local Kubernetes cluster
  update-check     Print current and latest version number
  version          Print the version of minikube
  options          Show a list of global command-line options (applies to all commands).

Other Commands:
  completion       Generate command completion for a shell
  license          Outputs the licenses of dependencies to a directory

Use "minikube <command> --help" for more information about a given command.
chanchal@Chanchals-MacBook-Pro kubernetes % 
chanchal@Chanchals-MacBook-Pro kubernetes % minikube status
ðŸ¤·  Profile "minikube" not found. Run "minikube profile list" to view all profiles.
ðŸ‘‰  To start a cluster, run: "minikube start"
chanchal@Chanchals-MacBook-Pro kubernetes % minikube start 
ðŸ˜„  minikube v1.34.0 on Darwin 11.7.4 (arm64)
âœ¨  Automatically selected the docker driver
ðŸ“Œ  Using Docker Desktop driver with root privileges
ðŸ‘  Starting "minikube" primary control-plane node in "minikube" cluster
ðŸšœ  Pulling base image v0.0.45 ...
ðŸ’¾  Downloading Kubernetes v1.31.0 preload ...
    > preloaded-images-k8s-v18-v1...:  307.61 MiB / 307.61 MiB  100.00% 1.80 Mi
    > gcr.io/k8s-minikube/kicbase...:  165.72 MiB / 441.45 MiB  37.54% 2.33 MiB
  ðŸ”¥  Creating docker container (CPUs=2, Memory=1988MB) ...
ðŸ³  Preparing Kubernetes v1.31.0 on Docker 27.2.0 ...
    â–ª Generating certificates and keys ...
    â–ª Booting up control plane ...
    â–ª Configuring RBAC rules ...
ðŸ”—  Configuring bridge CNI (Container Networking Interface) ...
ðŸ”Ž  Verifying Kubernetes components...
    â–ª Using image gcr.io/k8s-minikube/storage-provisioner:v5
ðŸŒŸ  Enabled addons: storage-provisioner, default-storageclass

â—  /usr/local/bin/kubectl is version 1.21.5, which may have incompatibilities with Kubernetes 1.31.0.
    â–ª Want kubectl v1.31.0? Try 'minikube kubectl -- get pods -A'
ðŸ„  Done! kubectl is now configured to use "minikube" cluster and "default" namespace by default
chanchal@Chanchals-MacBook-Pro kubernetes % 

  chanchal@Chanchals-MacBook-Pro kubernetes % minikube kubectl -- get pods -A
    > kubectl.sha256:  64 B / 64 B [-------------------------] 100.00% ? p/s 0s
    > kubectl:  53.94 MiB / 53.94 MiB [--------------] 100.00% 2.09 MiB p/s 26s
NAMESPACE     NAME                               READY   STATUS    RESTARTS      AGE
kube-system   coredns-6f6b679f8f-lszh6           1/1     Running   0             70s
kube-system   etcd-minikube                      1/1     Running   0             76s
kube-system   kube-apiserver-minikube            1/1     Running   0             76s
kube-system   kube-controller-manager-minikube   1/1     Running   0             76s
kube-system   kube-proxy-bl6xh                   1/1     Running   0             70s
kube-system   kube-scheduler-minikube            1/1     Running   0             76s
kube-system   storage-provisioner                1/1     Running   1 (41s ago)   75s
chanchal@Chanchals-MacBook-Pro kubernetes % 
chanchal@Chanchals-MacBook-Pro kubernetes % minikube dashboard
ðŸ”Œ  Enabling dashboard ...
    â–ª Using image docker.io/kubernetesui/dashboard:v2.7.0
    â–ª Using image docker.io/kubernetesui/metrics-scraper:v1.0.8
ðŸ’¡  Some dashboard features require the metrics-server addon. To enable all features please run:

	minikube addons enable metrics-server

ðŸ¤”  Verifying dashboard health ...
ðŸš€  Launching proxy ...
ðŸ¤”  Verifying proxy health ...
ðŸŽ‰  Opening http://127.0.0.1:54716/api/v1/namespaces/kubernetes-dashboard/services/http:kubernetes-dashboard:/proxy/ in your default browser...


chanchal@Chanchals-MacBook-Pro kubernetes % kubectl
kubectl controls the Kubernetes cluster manager.

 Find more information at: https://kubernetes.io/docs/reference/kubectl/overview/

Basic Commands (Beginner):
  create        Create a resource from a file or from stdin.
  expose        Take a replication controller, service, deployment or pod and expose it as a new Kubernetes Service
  run           Run a particular image on the cluster
  set           Set specific features on objects

Basic Commands (Intermediate):
  explain       Documentation of resources
  get           Display one or many resources
  edit          Edit a resource on the server
  delete        Delete resources by filenames, stdin, resources and names, or by resources and label selector

Deploy Commands:
  rollout       Manage the rollout of a resource
  scale         Set a new size for a Deployment, ReplicaSet or Replication Controller
  autoscale     Auto-scale a Deployment, ReplicaSet, StatefulSet, or ReplicationController

Cluster Management Commands:
  certificate   Modify certificate resources.
  cluster-info  Display cluster info
  top           Display Resource (CPU/Memory) usage.
  cordon        Mark node as unschedulable
  uncordon      Mark node as schedulable
  drain         Drain node in preparation for maintenance
  taint         Update the taints on one or more nodes

Troubleshooting and Debugging Commands:
  describe      Show details of a specific resource or group of resources
  logs          Print the logs for a container in a pod
  attach        Attach to a running container
  exec          Execute a command in a container
  port-forward  Forward one or more local ports to a pod
  proxy         Run a proxy to the Kubernetes API server
  cp            Copy files and directories to and from containers.
  auth          Inspect authorization
  debug         Create debugging sessions for troubleshooting workloads and nodes

Advanced Commands:
  diff          Diff live version against would-be applied version
  apply         Apply a configuration to a resource by filename or stdin
  patch         Update field(s) of a resource
  replace       Replace a resource by filename or stdin
  wait          Experimental: Wait for a specific condition on one or many resources.
  kustomize     Build a kustomization target from a directory or URL.

Settings Commands:
  label         Update the labels on a resource
  annotate      Update the annotations on a resource
  completion    Output shell completion code for the specified shell (bash or zsh)

Other Commands:
  api-resources Print the supported API resources on the server
  api-versions  Print the supported API versions on the server, in the form of "group/version"
  config        Modify kubeconfig files
  plugin        Provides utilities for interacting with plugins.
  version       Print the client and server version information

Usage:
  kubectl [flags] [options]

Use "kubectl <command> --help" for more information about a given command.
Use "kubectl options" for a list of global command-line options (applies to all commands).
chanchal@Chanchals-MacBook-Pro kubernetes %
