chanchal@Chanchals-MacBook-Pro kubernetes % curl -LO https://storage.googleapis.com/minikube/releases/latest/minikube-darwin-arm64
sudo install minikube-darwin-arm64 /usr/local/bin/minikube

  % Total    % Received % Xferd  Average Speed   Time    Time     Time  Current
                                 Dload  Upload   Total   Spent    Left  Speed
100  100M  100  100M    0     0  2356k      0  0:00:43  0:00:43 --:--:-- 1550k
Password:
chanchal@Chanchals-MacBook-Pro kubernetes % ls                                                                                    
minikube-darwin-arm64
chanchal@Chanchals-MacBook-Pro kubernetes % minikube
minikube provisions and manages local Kubernetes clusters optimized for development workflows.

Basic Commands:
  start            Starts a local Kubernetes cluster
  status           Gets the status of a local Kubernetes cluster
  stop             Stops a running local Kubernetes cluster
  delete           Deletes a local Kubernetes cluster
  dashboard        Access the Kubernetes dashboard running within the minikube cluster
  pause            pause Kubernetes
  unpause          unpause Kubernetes

Images Commands:
  docker-env       Provides instructions to point your terminal's docker-cli to the Docker Engine inside minikube.
(Useful for building docker images directly inside minikube)
  podman-env       Configure environment to use minikube's Podman service
  cache            Manage cache for images
  image            Manage images

Configuration and Management Commands:
  addons           Enable or disable a minikube addon
  config           Modify persistent configuration values
  profile          Get or list the current profiles (clusters)
  update-context   Update kubeconfig in case of an IP or port change

Networking and Connectivity Commands:
  service          Returns a URL to connect to a service
  tunnel           Connect to LoadBalancer services

Advanced Commands:
  mount            Mounts the specified directory into minikube
  ssh              Log into the minikube environment (for debugging)
  kubectl          Run a kubectl binary matching the cluster version
  node             Add, remove, or list additional nodes
  cp               Copy the specified file into minikube

Troubleshooting Commands:
  ssh-key          Retrieve the ssh identity key path of the specified node
  ssh-host         Retrieve the ssh host key of the specified node
  ip               Retrieves the IP address of the specified node
  logs             Returns logs to debug a local Kubernetes cluster
  update-check     Print current and latest version number
  version          Print the version of minikube
  options          Show a list of global command-line options (applies to all commands).

Other Commands:
  completion       Generate command completion for a shell
  license          Outputs the licenses of dependencies to a directory

Use "minikube <command> --help" for more information about a given command.
chanchal@Chanchals-MacBook-Pro kubernetes % 
chanchal@Chanchals-MacBook-Pro kubernetes % minikube status
🤷  Profile "minikube" not found. Run "minikube profile list" to view all profiles.
👉  To start a cluster, run: "minikube start"
chanchal@Chanchals-MacBook-Pro kubernetes % minikube start 
😄  minikube v1.34.0 on Darwin 11.7.4 (arm64)
✨  Automatically selected the docker driver
📌  Using Docker Desktop driver with root privileges
👍  Starting "minikube" primary control-plane node in "minikube" cluster
🚜  Pulling base image v0.0.45 ...
💾  Downloading Kubernetes v1.31.0 preload ...
    > preloaded-images-k8s-v18-v1...:  307.61 MiB / 307.61 MiB  100.00% 1.80 Mi
    > gcr.io/k8s-minikube/kicbase...:  165.72 MiB / 441.45 MiB  37.54% 2.33 MiB
  🔥  Creating docker container (CPUs=2, Memory=1988MB) ...
🐳  Preparing Kubernetes v1.31.0 on Docker 27.2.0 ...
    ▪ Generating certificates and keys ...
    ▪ Booting up control plane ...
    ▪ Configuring RBAC rules ...
🔗  Configuring bridge CNI (Container Networking Interface) ...
🔎  Verifying Kubernetes components...
    ▪ Using image gcr.io/k8s-minikube/storage-provisioner:v5
🌟  Enabled addons: storage-provisioner, default-storageclass

❗  /usr/local/bin/kubectl is version 1.21.5, which may have incompatibilities with Kubernetes 1.31.0.
    ▪ Want kubectl v1.31.0? Try 'minikube kubectl -- get pods -A'
🏄  Done! kubectl is now configured to use "minikube" cluster and "default" namespace by default
chanchal@Chanchals-MacBook-Pro kubernetes % 

  chanchal@Chanchals-MacBook-Pro kubernetes % minikube kubectl -- get pods -A
    > kubectl.sha256:  64 B / 64 B [-------------------------] 100.00% ? p/s 0s
    > kubectl:  53.94 MiB / 53.94 MiB [--------------] 100.00% 2.09 MiB p/s 26s
NAMESPACE     NAME                               READY   STATUS    RESTARTS      AGE
kube-system   coredns-6f6b679f8f-lszh6           1/1     Running   0             70s
kube-system   etcd-minikube                      1/1     Running   0             76s
kube-system   kube-apiserver-minikube            1/1     Running   0             76s
kube-system   kube-controller-manager-minikube   1/1     Running   0             76s
kube-system   kube-proxy-bl6xh                   1/1     Running   0             70s
kube-system   kube-scheduler-minikube            1/1     Running   0             76s
kube-system   storage-provisioner                1/1     Running   1 (41s ago)   75s
chanchal@Chanchals-MacBook-Pro kubernetes % 

